../Core/Inc/swd_transfer.h:26:27:SWD_Write_DP	16	static
../Core/Inc/swd_transfer.h:29:27:SWD_Read_DP	16	static
../Core/Src/swd_control.c:20:13:SWD_Send_SwitchSequence	16	static
../Core/Src/swd_control.c:30:20:SWD_Read_IDCODE	16	static
../Core/Src/swd_control.c:38:6:SWD_Halt_Target	8	static
../Core/Src/swd_control.c:46:6:SWD_Run_Target	8	static
../Core/Src/swd_control.c:54:6:SWD_Target_HW_Reset	8	static
../Core/Src/swd_control.c:67:20:SWD_PowerUpDebugInterface	8	static
../Core/Src/swd_control.c:75:20:SWD_Select_AHB_AP	8	static
../Core/Src/swd_control.c:83:13:SWD_Init	16	static
